// Jest Snapshot v1, https://goo.gl/fbAQLP

exports[`Rating Wrapper basic example 1`] = `
.c0 {
  display: -webkit-box;
  display: -webkit-flex;
  display: -ms-flexbox;
  display: flex;
  -webkit-align-items: center;
  -webkit-box-align: center;
  -ms-flex-align: center;
  align-items: center;
  max-width: 500px;
}

<div
  className="c0"
>
  <span
    aria-label="1 Star"
    className="MuiRating-root MuiRating-sizeLarge MuiRating-readOnly"
    onMouseLeave={[Function]}
    onMouseMove={[Function]}
    role="img"
  >
    <span
      className="MuiRating-decimal"
    >
      <span
        style={
          Object {
            "overflow": "hidden",
            "position": "absolute",
            "width": "0%",
            "zIndex": 1,
          }
        }
      >
        <span
          className="MuiRating-icon MuiRating-iconFilled"
        >
          <svg
            aria-hidden={true}
            className="MuiSvgIcon-root MuiSvgIcon-fontSizeInherit"
            focusable="false"
            viewBox="0 0 24 24"
          >
            <path
              d="M12 17.27L18.18 21l-1.64-7.03L22 9.24l-7.19-.61L12 2 9.19 8.63 2 9.24l5.46 4.73L5.82 21z"
            />
          </svg>
        </span>
      </span>
      <span
        style={Object {}}
      >
        <span
          className="MuiRating-icon MuiRating-iconFilled"
        >
          <svg
            aria-hidden={true}
            className="MuiSvgIcon-root MuiSvgIcon-fontSizeInherit"
            focusable="false"
            viewBox="0 0 24 24"
          >
            <path
              d="M12 17.27L18.18 21l-1.64-7.03L22 9.24l-7.19-.61L12 2 9.19 8.63 2 9.24l5.46 4.73L5.82 21z"
            />
          </svg>
        </span>
      </span>
    </span>
    <span
      className="MuiRating-decimal"
    >
      <span
        style={
          Object {
            "overflow": "hidden",
            "position": "absolute",
            "width": "0%",
            "zIndex": 1,
          }
        }
      >
        <span
          className="MuiRating-icon MuiRating-iconEmpty"
        >
          <svg
            aria-hidden={true}
            className="MuiSvgIcon-root MuiSvgIcon-fontSizeInherit"
            focusable="false"
            viewBox="0 0 24 24"
          >
            <path
              d="M12 17.27L18.18 21l-1.64-7.03L22 9.24l-7.19-.61L12 2 9.19 8.63 2 9.24l5.46 4.73L5.82 21z"
            />
          </svg>
        </span>
      </span>
      <span
        style={Object {}}
      >
        <span
          className="MuiRating-icon MuiRating-iconEmpty"
        >
          <svg
            aria-hidden={true}
            className="MuiSvgIcon-root MuiSvgIcon-fontSizeInherit"
            focusable="false"
            viewBox="0 0 24 24"
          >
            <path
              d="M12 17.27L18.18 21l-1.64-7.03L22 9.24l-7.19-.61L12 2 9.19 8.63 2 9.24l5.46 4.73L5.82 21z"
            />
          </svg>
        </span>
      </span>
    </span>
    <span
      className="MuiRating-decimal"
    >
      <span
        style={
          Object {
            "overflow": "hidden",
            "position": "absolute",
            "width": "0%",
            "zIndex": 1,
          }
        }
      >
        <span
          className="MuiRating-icon MuiRating-iconEmpty"
        >
          <svg
            aria-hidden={true}
            className="MuiSvgIcon-root MuiSvgIcon-fontSizeInherit"
            focusable="false"
            viewBox="0 0 24 24"
          >
            <path
              d="M12 17.27L18.18 21l-1.64-7.03L22 9.24l-7.19-.61L12 2 9.19 8.63 2 9.24l5.46 4.73L5.82 21z"
            />
          </svg>
        </span>
      </span>
      <span
        style={Object {}}
      >
        <span
          className="MuiRating-icon MuiRating-iconEmpty"
        >
          <svg
            aria-hidden={true}
            className="MuiSvgIcon-root MuiSvgIcon-fontSizeInherit"
            focusable="false"
            viewBox="0 0 24 24"
          >
            <path
              d="M12 17.27L18.18 21l-1.64-7.03L22 9.24l-7.19-.61L12 2 9.19 8.63 2 9.24l5.46 4.73L5.82 21z"
            />
          </svg>
        </span>
      </span>
    </span>
    <span
      className="MuiRating-decimal"
    >
      <span
        style={
          Object {
            "overflow": "hidden",
            "position": "absolute",
            "width": "0%",
            "zIndex": 1,
          }
        }
      >
        <span
          className="MuiRating-icon MuiRating-iconEmpty"
        >
          <svg
            aria-hidden={true}
            className="MuiSvgIcon-root MuiSvgIcon-fontSizeInherit"
            focusable="false"
            viewBox="0 0 24 24"
          >
            <path
              d="M12 17.27L18.18 21l-1.64-7.03L22 9.24l-7.19-.61L12 2 9.19 8.63 2 9.24l5.46 4.73L5.82 21z"
            />
          </svg>
        </span>
      </span>
      <span
        style={Object {}}
      >
        <span
          className="MuiRating-icon MuiRating-iconEmpty"
        >
          <svg
            aria-hidden={true}
            className="MuiSvgIcon-root MuiSvgIcon-fontSizeInherit"
            focusable="false"
            viewBox="0 0 24 24"
          >
            <path
              d="M12 17.27L18.18 21l-1.64-7.03L22 9.24l-7.19-.61L12 2 9.19 8.63 2 9.24l5.46 4.73L5.82 21z"
            />
          </svg>
        </span>
      </span>
    </span>
    <span
      className="MuiRating-decimal"
    >
      <span
        style={
          Object {
            "overflow": "hidden",
            "position": "absolute",
            "width": "0%",
            "zIndex": 1,
          }
        }
      >
        <span
          className="MuiRating-icon MuiRating-iconEmpty"
        >
          <svg
            aria-hidden={true}
            className="MuiSvgIcon-root MuiSvgIcon-fontSizeInherit"
            focusable="false"
            viewBox="0 0 24 24"
          >
            <path
              d="M12 17.27L18.18 21l-1.64-7.03L22 9.24l-7.19-.61L12 2 9.19 8.63 2 9.24l5.46 4.73L5.82 21z"
            />
          </svg>
        </span>
      </span>
      <span
        style={Object {}}
      >
        <span
          className="MuiRating-icon MuiRating-iconEmpty"
        >
          <svg
            aria-hidden={true}
            className="MuiSvgIcon-root MuiSvgIcon-fontSizeInherit"
            focusable="false"
            viewBox="0 0 24 24"
          >
            <path
              d="M12 17.27L18.18 21l-1.64-7.03L22 9.24l-7.19-.61L12 2 9.19 8.63 2 9.24l5.46 4.73L5.82 21z"
            />
          </svg>
        </span>
      </span>
    </span>
  </span>
  <h6
    className="MuiTypography-root MuiTypography-subtitle1 MuiTypography-colorTextSecondary"
  >
    test
  </h6>
  <span>
    <button
      className="MuiButtonBase-root MuiIconButton-root ButtonComponent-root-1"
      disabled={false}
      onBlur={[Function]}
      onClick={[Function]}
      onDragLeave={[Function]}
      onFocus={[Function]}
      onKeyDown={[Function]}
      onKeyUp={[Function]}
      onMouseDown={[Function]}
      onMouseLeave={[Function]}
      onMouseUp={[Function]}
      onTouchEnd={[Function]}
      onTouchMove={[Function]}
      onTouchStart={[Function]}
      tabIndex={0}
      type="button"
    >
      <span
        className="MuiIconButton-label"
      >
        <svg
          aria-hidden={true}
          className="MuiSvgIcon-root"
          focusable="false"
          viewBox="0 0 24 24"
        >
          <path
            d="M3 17.25V21h3.75L17.81 9.94l-3.75-3.75L3 17.25zM20.71 7.04c.39-.39.39-1.02 0-1.41l-2.34-2.34a.9959.9959 0 00-1.41 0l-1.83 1.83 3.75 3.75 1.83-1.83z"
          />
        </svg>
      </span>
    </button>
    <button
      className="MuiButtonBase-root MuiIconButton-root ButtonComponent-root-1"
      disabled={false}
      onBlur={[Function]}
      onClick={[Function]}
      onDragLeave={[Function]}
      onFocus={[Function]}
      onKeyDown={[Function]}
      onKeyUp={[Function]}
      onMouseDown={[Function]}
      onMouseLeave={[Function]}
      onMouseUp={[Function]}
      onTouchEnd={[Function]}
      onTouchMove={[Function]}
      onTouchStart={[Function]}
      tabIndex={0}
      type="button"
    >
      <span
        className="MuiIconButton-label"
      >
        <svg
          aria-hidden={true}
          className="MuiSvgIcon-root"
          focusable="false"
          viewBox="0 0 24 24"
        >
          <path
            d="M6 19c0 1.1.9 2 2 2h8c1.1 0 2-.9 2-2V7H6v12zM19 4h-3.5l-1-1h-5l-1 1H5v2h14V4z"
          />
        </svg>
      </span>
    </button>
  </span>
</div>
`;
