// Jest Snapshot v1, https://goo.gl/fbAQLP

exports[`RestaurantFilter basic example 1`] = `
.c0 {
  margin: 32px;
}

<div
  className="c0"
>
  <p
    className="MuiTypography-root MuiTypography-body1"
  >
    component.restaurant-filter.rating-filter
     
  </p>
  <span
    aria-label={null}
    className="MuiRating-root"
    onMouseLeave={[Function]}
    onMouseMove={[Function]}
    role={null}
  >
    <span
      className="MuiRating-decimal"
    >
      <label
        className="MuiRating-label"
        htmlFor="rating-0-5"
        style={
          Object {
            "overflow": "hidden",
            "position": "absolute",
            "width": "0%",
            "zIndex": 1,
          }
        }
      >
        <span
          className="MuiRating-icon MuiRating-iconEmpty"
        >
          <svg
            aria-hidden={true}
            className="MuiSvgIcon-root MuiSvgIcon-fontSizeInherit"
            focusable="false"
            viewBox="0 0 24 24"
          >
            <path
              d="M12 17.27L18.18 21l-1.64-7.03L22 9.24l-7.19-.61L12 2 9.19 8.63 2 9.24l5.46 4.73L5.82 21z"
            />
          </svg>
        </span>
        <span
          className="MuiRating-visuallyhidden"
        >
          0.5 Stars
        </span>
      </label>
      <input
        checked={false}
        className="MuiRating-visuallyhidden"
        disabled={false}
        id="rating-0-5"
        name="rating"
        onBlur={[Function]}
        onChange={[Function]}
        onClick={[Function]}
        onFocus={[Function]}
        type="radio"
        value={0.5}
      />
      <label
        className="MuiRating-label"
        htmlFor="rating-1"
        style={Object {}}
      >
        <span
          className="MuiRating-icon MuiRating-iconEmpty"
        >
          <svg
            aria-hidden={true}
            className="MuiSvgIcon-root MuiSvgIcon-fontSizeInherit"
            focusable="false"
            viewBox="0 0 24 24"
          >
            <path
              d="M12 17.27L18.18 21l-1.64-7.03L22 9.24l-7.19-.61L12 2 9.19 8.63 2 9.24l5.46 4.73L5.82 21z"
            />
          </svg>
        </span>
        <span
          className="MuiRating-visuallyhidden"
        >
          1 Star
        </span>
      </label>
      <input
        checked={false}
        className="MuiRating-visuallyhidden"
        disabled={false}
        id="rating-1"
        name="rating"
        onBlur={[Function]}
        onChange={[Function]}
        onClick={[Function]}
        onFocus={[Function]}
        type="radio"
        value={1}
      />
    </span>
    <span
      className="MuiRating-decimal"
    >
      <label
        className="MuiRating-label"
        htmlFor="rating-1-5"
        style={
          Object {
            "overflow": "hidden",
            "position": "absolute",
            "width": "0%",
            "zIndex": 1,
          }
        }
      >
        <span
          className="MuiRating-icon MuiRating-iconEmpty"
        >
          <svg
            aria-hidden={true}
            className="MuiSvgIcon-root MuiSvgIcon-fontSizeInherit"
            focusable="false"
            viewBox="0 0 24 24"
          >
            <path
              d="M12 17.27L18.18 21l-1.64-7.03L22 9.24l-7.19-.61L12 2 9.19 8.63 2 9.24l5.46 4.73L5.82 21z"
            />
          </svg>
        </span>
        <span
          className="MuiRating-visuallyhidden"
        >
          1.5 Stars
        </span>
      </label>
      <input
        checked={false}
        className="MuiRating-visuallyhidden"
        disabled={false}
        id="rating-1-5"
        name="rating"
        onBlur={[Function]}
        onChange={[Function]}
        onClick={[Function]}
        onFocus={[Function]}
        type="radio"
        value={1.5}
      />
      <label
        className="MuiRating-label"
        htmlFor="rating-2"
        style={Object {}}
      >
        <span
          className="MuiRating-icon MuiRating-iconEmpty"
        >
          <svg
            aria-hidden={true}
            className="MuiSvgIcon-root MuiSvgIcon-fontSizeInherit"
            focusable="false"
            viewBox="0 0 24 24"
          >
            <path
              d="M12 17.27L18.18 21l-1.64-7.03L22 9.24l-7.19-.61L12 2 9.19 8.63 2 9.24l5.46 4.73L5.82 21z"
            />
          </svg>
        </span>
        <span
          className="MuiRating-visuallyhidden"
        >
          2 Stars
        </span>
      </label>
      <input
        checked={false}
        className="MuiRating-visuallyhidden"
        disabled={false}
        id="rating-2"
        name="rating"
        onBlur={[Function]}
        onChange={[Function]}
        onClick={[Function]}
        onFocus={[Function]}
        type="radio"
        value={2}
      />
    </span>
    <span
      className="MuiRating-decimal"
    >
      <label
        className="MuiRating-label"
        htmlFor="rating-2-5"
        style={
          Object {
            "overflow": "hidden",
            "position": "absolute",
            "width": "0%",
            "zIndex": 1,
          }
        }
      >
        <span
          className="MuiRating-icon MuiRating-iconEmpty"
        >
          <svg
            aria-hidden={true}
            className="MuiSvgIcon-root MuiSvgIcon-fontSizeInherit"
            focusable="false"
            viewBox="0 0 24 24"
          >
            <path
              d="M12 17.27L18.18 21l-1.64-7.03L22 9.24l-7.19-.61L12 2 9.19 8.63 2 9.24l5.46 4.73L5.82 21z"
            />
          </svg>
        </span>
        <span
          className="MuiRating-visuallyhidden"
        >
          2.5 Stars
        </span>
      </label>
      <input
        checked={false}
        className="MuiRating-visuallyhidden"
        disabled={false}
        id="rating-2-5"
        name="rating"
        onBlur={[Function]}
        onChange={[Function]}
        onClick={[Function]}
        onFocus={[Function]}
        type="radio"
        value={2.5}
      />
      <label
        className="MuiRating-label"
        htmlFor="rating-3"
        style={Object {}}
      >
        <span
          className="MuiRating-icon MuiRating-iconEmpty"
        >
          <svg
            aria-hidden={true}
            className="MuiSvgIcon-root MuiSvgIcon-fontSizeInherit"
            focusable="false"
            viewBox="0 0 24 24"
          >
            <path
              d="M12 17.27L18.18 21l-1.64-7.03L22 9.24l-7.19-.61L12 2 9.19 8.63 2 9.24l5.46 4.73L5.82 21z"
            />
          </svg>
        </span>
        <span
          className="MuiRating-visuallyhidden"
        >
          3 Stars
        </span>
      </label>
      <input
        checked={false}
        className="MuiRating-visuallyhidden"
        disabled={false}
        id="rating-3"
        name="rating"
        onBlur={[Function]}
        onChange={[Function]}
        onClick={[Function]}
        onFocus={[Function]}
        type="radio"
        value={3}
      />
    </span>
    <span
      className="MuiRating-decimal"
    >
      <label
        className="MuiRating-label"
        htmlFor="rating-3-5"
        style={
          Object {
            "overflow": "hidden",
            "position": "absolute",
            "width": "0%",
            "zIndex": 1,
          }
        }
      >
        <span
          className="MuiRating-icon MuiRating-iconEmpty"
        >
          <svg
            aria-hidden={true}
            className="MuiSvgIcon-root MuiSvgIcon-fontSizeInherit"
            focusable="false"
            viewBox="0 0 24 24"
          >
            <path
              d="M12 17.27L18.18 21l-1.64-7.03L22 9.24l-7.19-.61L12 2 9.19 8.63 2 9.24l5.46 4.73L5.82 21z"
            />
          </svg>
        </span>
        <span
          className="MuiRating-visuallyhidden"
        >
          3.5 Stars
        </span>
      </label>
      <input
        checked={false}
        className="MuiRating-visuallyhidden"
        disabled={false}
        id="rating-3-5"
        name="rating"
        onBlur={[Function]}
        onChange={[Function]}
        onClick={[Function]}
        onFocus={[Function]}
        type="radio"
        value={3.5}
      />
      <label
        className="MuiRating-label"
        htmlFor="rating-4"
        style={Object {}}
      >
        <span
          className="MuiRating-icon MuiRating-iconEmpty"
        >
          <svg
            aria-hidden={true}
            className="MuiSvgIcon-root MuiSvgIcon-fontSizeInherit"
            focusable="false"
            viewBox="0 0 24 24"
          >
            <path
              d="M12 17.27L18.18 21l-1.64-7.03L22 9.24l-7.19-.61L12 2 9.19 8.63 2 9.24l5.46 4.73L5.82 21z"
            />
          </svg>
        </span>
        <span
          className="MuiRating-visuallyhidden"
        >
          4 Stars
        </span>
      </label>
      <input
        checked={false}
        className="MuiRating-visuallyhidden"
        disabled={false}
        id="rating-4"
        name="rating"
        onBlur={[Function]}
        onChange={[Function]}
        onClick={[Function]}
        onFocus={[Function]}
        type="radio"
        value={4}
      />
    </span>
    <span
      className="MuiRating-decimal"
    >
      <label
        className="MuiRating-label"
        htmlFor="rating-4-5"
        style={
          Object {
            "overflow": "hidden",
            "position": "absolute",
            "width": "0%",
            "zIndex": 1,
          }
        }
      >
        <span
          className="MuiRating-icon MuiRating-iconEmpty"
        >
          <svg
            aria-hidden={true}
            className="MuiSvgIcon-root MuiSvgIcon-fontSizeInherit"
            focusable="false"
            viewBox="0 0 24 24"
          >
            <path
              d="M12 17.27L18.18 21l-1.64-7.03L22 9.24l-7.19-.61L12 2 9.19 8.63 2 9.24l5.46 4.73L5.82 21z"
            />
          </svg>
        </span>
        <span
          className="MuiRating-visuallyhidden"
        >
          4.5 Stars
        </span>
      </label>
      <input
        checked={false}
        className="MuiRating-visuallyhidden"
        disabled={false}
        id="rating-4-5"
        name="rating"
        onBlur={[Function]}
        onChange={[Function]}
        onClick={[Function]}
        onFocus={[Function]}
        type="radio"
        value={4.5}
      />
      <label
        className="MuiRating-label"
        htmlFor="rating-5"
        style={Object {}}
      >
        <span
          className="MuiRating-icon MuiRating-iconEmpty"
        >
          <svg
            aria-hidden={true}
            className="MuiSvgIcon-root MuiSvgIcon-fontSizeInherit"
            focusable="false"
            viewBox="0 0 24 24"
          >
            <path
              d="M12 17.27L18.18 21l-1.64-7.03L22 9.24l-7.19-.61L12 2 9.19 8.63 2 9.24l5.46 4.73L5.82 21z"
            />
          </svg>
        </span>
        <span
          className="MuiRating-visuallyhidden"
        >
          5 Stars
        </span>
      </label>
      <input
        checked={false}
        className="MuiRating-visuallyhidden"
        disabled={false}
        id="rating-5"
        name="rating"
        onBlur={[Function]}
        onChange={[Function]}
        onClick={[Function]}
        onFocus={[Function]}
        type="radio"
        value={5}
      />
    </span>
    <input
      className="MuiRating-visuallyhidden"
      defaultChecked={true}
      id="rating-empty"
      name="rating"
      type="radio"
      value=""
    />
    <label
      className="MuiRating-pristine"
      htmlFor="rating-empty"
    >
      <span
        className="MuiRating-visuallyhidden"
      >
        Empty
      </span>
    </label>
  </span>
</div>
`;
